BBBBBBBBBBBBBBBBBBBBBBBBBBBBBBBBBBBBBBBBBBBBBBBBBBBBBBBBBBBBBBBBBBBBBBBBBBBBBBBBBBBBBBBBBBBBBBB
B                B                          B                                 B          B    B
B                B                          B                                 B          B    B                                              
B                B   E                      B  E  BW                          B   B      B    B                                             
B                BBBBBB          BBW        BBBBBBBB        BW                B  BBWW    B    B                                             
B                B                 B        BB           BBBBB                B   BBB    B    B                                 
B                B   E             B        BBB  E                WBBB        B   B      B    B                                             
B                BBBBBBB           B        BBBBBB                BBBB        BB  B      B    B                                             
B                B                 BWW   WWWB                             BBBWB   B      B    B                                             
B               EB              BBBBBB   BBBB                        E    BBBBB   B  WWWBB    B                                             
B               BB                 B                               BBBW       B  BB  BBBBB    B                                             
B                B                 B                               BBBB       B   B        E  B                                             
B                BBBBBB            B                     BBBBW                B   B      BBBBBB                                             
B                                  B                     BBBBB                BB  B      B    B                                             
B                               E  B                                              B        E  B                                             
B         E                BWWWBBBBB          BWWWWB                   E          BWWB   BBBBBB
BBBBBBBBBBBBBBBBBBBBBBBBBBBBBBBBBBBBBBBBBBBBBBBBBBBBBBBBBBBBBBBBBBBBBBBBBBBBBBBBBBBBBBBBBBBBBBB